2026-08-02 22:32:38 [ERROR]: 500 - next is not a function - /api/auth/register - POST
2026-08-02 22:32:44 [ERROR]: 500 - next is not a function - /api/auth/register - POST
2026-08-02 22:37:15 [ERROR]: 500 - next is not a function - /api/auth/register - POST
2026-08-02 22:37:19 [ERROR]: 500 - next is not a function - /api/auth/register - POST
2026-08-02 22:41:15 [ERROR]: 500 - next is not a function - /api/auth/register - POST
2026-08-02 22:44:26 [ERROR]: 500 - next is not a function - /api/auth/register - POST
2026-08-02 22:44:35 [ERROR]: 400 - Email is required - /api/auth/login - POST
2026-08-02 22:44:40 [ERROR]: 500 - next is not a function - /api/auth/register - POST
2026-08-02 22:44:43 [ERROR]: 400 - كلمة المرور 6 أحرف على الأقل - /api/auth/register - POST
2026-08-02 22:44:52 [ERROR]: 500 - next is not a function - /api/auth/register - POST
2026-08-02 22:55:19 [ERROR]: 500 - next is not a function - /api/auth/register - POST
2026-08-02 23:00:11 [ERROR]: 500 - next is not a function - /api/auth/register - POST
2026-08-02 23:01:45 [ERROR]: 500 - next is not a function - /api/auth/register - POST
2026-08-02 23:04:39 [ERROR]: 500 - next is not a function - /api/auth/register - POST
2026-08-02 23:06:05 [ERROR]: 500 - next is not a function - /api/auth/register - POST
2026-08-02 23:07:49 [ERROR]: 500 - next is not a function - /api/auth/register - POST
2026-08-02 23:10:26 [ERROR]: 500 - next is not a function - /api/auth/register - POST
2026-08-02 23:17:00 [ERROR]: 500 - next is not a function - /api/auth/register - POST
2026-08-02 23:18:27 [ERROR]: 500 - next is not a function - /api/auth/register - POST
2026-08-02 23:20:16 [ERROR]: 500 - next is not a function - /api/auth/register - POST
2026-08-02 23:20:25 [ERROR]: 500 - next is not a function - /api/auth/register - POST
2026-08-02 23:23:13 [ERROR]: 400 - Email is required - /api/auth/login - POST
2026-08-02 23:23:21 [ERROR]: 400 - Email is required - /api/auth/login - POST
2026-08-02 23:23:50 [ERROR]: 400 - Email is required - /api/auth/login - POST
2026-08-02 23:25:21 [ERROR]: 400 - Email is required - /api/auth/login - POST
2026-08-02 23:25:27 [ERROR]: 400 - Email is required - /api/auth/login - POST
2026-08-02 23:27:24 [ERROR]: 400 - Username must be at least 3 characters long - /api/auth/login - POST
2026-08-02 23:27:36 [ERROR]: 400 - Username must be at least 3 characters long - /api/auth/login - POST
2026-08-02 23:27:42 [ERROR]: 400 - Username must be at least 3 characters long - /api/auth/login - POST
2026-08-02 23:28:27 [ERROR]: 500 - next is not a function - /api/auth/register - POST
2026-08-02 23:28:33 [ERROR]: 500 - next is not a function - /api/auth/register - POST
2026-08-02 23:28:41 [ERROR]: 500 - next is not a function - /api/auth/register - POST
2026-08-02 23:29:24 [ERROR]: 500 - E11000 duplicate key error collection: todo-advanced.users index: email_1 dup key: { email: "tara02664@gmail.com" } - /api/auth/register - POST
2026-08-02 23:29:48 [ERROR]: 400 - Username must be at least 3 characters long - /api/auth/login - POST
2026-08-02 23:30:56 [ERROR]: 400 - Username must be at least 3 characters long - /api/auth/login - POST
2026-08-02 23:33:58 [ERROR]: 400 - the priority is invalid - /api/todos - POST
2026-08-02 23:34:04 [ERROR]: 400 - the priority is invalid - /api/todos - POST
2026-08-02 23:34:11 [ERROR]: 400 - the priority is invalid - /api/todos - POST
2026-08-02 23:35:41 [ERROR]: 400 - the priority is invalid - /api/todos - POST
2026-08-02 23:35:42 [ERROR]: 400 - the priority is invalid - /api/todos - POST
2026-08-02 23:35:42 [ERROR]: 400 - the priority is invalid - /api/todos - POST
2026-08-02 23:35:42 [ERROR]: 400 - the priority is invalid - /api/todos - POST
2026-08-02 23:35:42 [ERROR]: 400 - the priority is invalid - /api/todos - POST
2026-08-02 23:35:43 [ERROR]: 400 - the priority is invalid - /api/todos - POST
2026-08-02 23:35:47 [ERROR]: 400 - the priority is invalid - /api/todos - POST
2026-08-02 23:35:47 [ERROR]: 400 - the priority is invalid - /api/todos - POST
2026-08-02 23:35:47 [ERROR]: 400 - the priority is invalid - /api/todos - POST
2026-08-02 23:35:47 [ERROR]: 400 - the priority is invalid - /api/todos - POST
2026-08-02 23:35:47 [ERROR]: 400 - the priority is invalid - /api/todos - POST
2026-08-02 23:35:47 [ERROR]: 400 - the priority is invalid - /api/todos - POST
2026-08-02 23:35:50 [ERROR]: 400 - the priority is invalid - /api/todos - POST
2026-08-02 23:35:50 [ERROR]: 400 - the priority is invalid - /api/todos - POST
2026-08-02 23:35:50 [ERROR]: 400 - the priority is invalid - /api/todos - POST
2026-08-02 23:35:51 [ERROR]: 400 - the priority is invalid - /api/todos - POST
2026-08-02 23:35:51 [ERROR]: 400 - the priority is invalid - /api/todos - POST
2026-08-02 23:36:32 [ERROR]: 401 - Invalid email or password - /api/auth/login - POST
2026-08-02 23:36:49 [ERROR]: 400 - the priority is invalid - /api/todos - POST
2026-08-02 23:37:12 [ERROR]: 400 - the priority is invalid - /api/todos - POST
2026-08-02 23:37:15 [ERROR]: 400 - the priority is invalid - /api/todos - POST
2026-08-02 23:37:15 [ERROR]: 400 - the priority is invalid - /api/todos - POST
2026-08-02 23:37:15 [ERROR]: 400 - the priority is invalid - /api/todos - POST
2026-08-02 23:37:16 [ERROR]: 400 - the priority is invalid - /api/todos - POST
2026-08-02 23:37:16 [ERROR]: 400 - the priority is invalid - /api/todos - POST
2026-08-02 23:37:16 [ERROR]: 400 - the priority is invalid - /api/todos - POST
2026-08-02 23:37:16 [ERROR]: 400 - the priority is invalid - /api/todos - POST
2026-08-02 23:40:36 [ERROR]: 400 - the priority is invalid - /api/todos - POST
2026-08-02 23:40:37 [ERROR]: 400 - the priority is invalid - /api/todos - POST
2026-08-02 23:40:37 [ERROR]: 400 - the priority is invalid - /api/todos - POST
2026-08-02 23:40:37 [ERROR]: 400 - the priority is invalid - /api/todos - POST
2026-08-02 23:40:37 [ERROR]: 400 - the priority is invalid - /api/todos - POST
2026-08-02 23:40:37 [ERROR]: 400 - the priority is invalid - /api/todos - POST
2026-08-02 23:40:37 [ERROR]: 400 - the priority is invalid - /api/todos - POST
2026-08-02 23:40:38 [ERROR]: 400 - the priority is invalid - /api/todos - POST
2026-08-02 23:40:38 [ERROR]: 400 - the priority is invalid - /api/todos - POST
2026-08-02 23:40:38 [ERROR]: 400 - the priority is invalid - /api/todos - POST
2026-08-02 23:40:38 [ERROR]: 400 - the priority is invalid - /api/todos - POST
2026-08-03 00:25:39 [ERROR]: 401 - you are not logged in! Please log in to get access. - /api/todos?Content-Type=application/json&Authorization=Bearer%20eyJhbGciOiJIUzI1NiIsInR5cCI6IkpXVCJ9.eyJ1c2VySWQiOiI2YTZmYjQ1NDZkNTc5OTM1NWE3YzRhY2IiLCJpYXQiOjE3ODU3MDU2ODYsImV4cCI6MTc4NjMxMDQ4Nn0.y6o8JQyGEw0foIWKzhTGnoTqqlebxmoXmYBpeF2g4lI - POST
2026-08-03 00:25:59 [ERROR]: 401 - you are not logged in! Please log in to get access. - /api/todos?Content-Type=application/json&Authorization=Bearer%20eyJhbGciOiJIUzI1NiIsInR5cCI6IkpXVCJ9.eyJ1c2VySWQiOiI2YTZmYjQ1NDZkNTc5OTM1NWE3YzRhY2IiLCJpYXQiOjE3ODU3MDU2ODYsImV4cCI6MTc4NjMxMDQ4Nn0.y6o8JQyGEw0foIWKzhTGnoTqqlebxmoXmYBpeF2g4lI - POST
2026-08-03 00:26:07 [ERROR]: 401 - you are not logged in! Please log in to get access. - /api/todos?Content-Type=application/json&Authorization=Bearer%20eyJhbGciOiJIUzI1NiIsInR5cCI6IkpXVCJ9.eyJ1c2VySWQiOiI2YTZmYjQ1NDZkNTc5OTM1NWE3YzRhY2IiLCJpYXQiOjE3ODU3MDU2ODYsImV4cCI6MTc4NjMxMDQ4Nn0.y6o8JQyGEw0foIWKzhTGnoTqqlebxmoXmYBpeF2g4lI - POST
2026-08-03 00:26:32 [ERROR]: 401 - you are not logged in! Please log in to get access. - /api/todos?Content-Type=application/json&Authorization=Bearer%20eyJhbGciOiJIUzI1NiIsInR5cCI6IkpXVCJ9.eyJ1c2VySWQiOiI2YTZmYjQ1NDZkNTc5OTM1NWE3YzRhY2IiLCJpYXQiOjE3ODU3MDU2ODYsImV4cCI6MTc4NjMxMDQ4Nn0.y6o8JQyGEw0foIWKzhTGnoTqqlebxmoXmYBpeF2g4lI - POST
2026-08-03 00:28:09 [ERROR]: 400 - the priority is invalid - /api/todos - POST
2026-08-04 18:23:25 [ERROR]: 400 - the task must be a string - /api/todos/6a6fb707180ad21e88f370ea - PUT
2026-08-04 18:23:30 [ERROR]: 400 - the task must be a string - /api/todos/6a6fb707180ad21e88f370ea - PUT
2026-08-04 18:23:49 [ERROR]: 400 - the task must be a string - /api/todos/6a7203fe28a4ced46c56141b - PUT
2026-08-04 18:23:50 [ERROR]: 400 - the task must be a string - /api/todos/6a6fb707180ad21e88f370ea - PUT
2026-08-04 18:23:58 [ERROR]: 400 - the task must be a string - /api/todos/6a7203fe28a4ced46c56141b - PUT
2026-08-04 18:24:31 [ERROR]: 400 - the task must be a string - /api/todos/6a6fb707180ad21e88f370ea - PUT
2026-08-04 18:29:00 [ERROR]: 400 - the date is in an invalid format - /api/todos - POST
